TokStackInit:21 Tokstack size = 0, capacity = 50
Initialisation succses
line: 154 pushed value = 0x504000000010
TokStackPush:154 Tokstack size = 1, capacity = 50
line: 73 pushed value = 0x504000000050
TokStackPush:73 Tokstack size = 2, capacity = 50
line: 154 pushed value = 0x504000000090
TokStackPush:154 Tokstack size = 3, capacity = 50
line: 93 pushed value = 0x5040000000d0
TokStackPush:93 Tokstack size = 4, capacity = 50
line: 154 pushed value = 0x504000000110
TokStackPush:154 Tokstack size = 5, capacity = 50
line: 154 pushed value = 0x504000000150
TokStackPush:154 Tokstack size = 6, capacity = 50
line: 154 pushed value = 0x504000000190
TokStackPush:154 Tokstack size = 7, capacity = 50
line: 154 pushed value = 0x5040000001d0
TokStackPush:154 Tokstack size = 8, capacity = 50
line: 93 pushed value = 0x504000000210
TokStackPush:93 Tokstack size = 9, capacity = 50
line: 154 pushed value = 0x504000000250
TokStackPush:154 Tokstack size = 10, capacity = 50
line: 154 pushed value = 0x504000000290
TokStackPush:154 Tokstack size = 11, capacity = 50
line: 102 pushed value = 0x5040000002d0
TokStackPush:102 Tokstack size = 12, capacity = 50
line: 154 pushed value = 0x504000000310
TokStackPush:154 Tokstack size = 13, capacity = 50
line: 102 pushed value = 0x504000000350
TokStackPush:102 Tokstack size = 14, capacity = 50
line: 154 pushed value = 0x504000000390
TokStackPush:154 Tokstack size = 15, capacity = 50
line: 154 pushed value = 0x5040000003d0
TokStackPush:154 Tokstack size = 16, capacity = 50
line: 154 pushed value = 0x504000000410
TokStackPush:154 Tokstack size = 17, capacity = 50
line: 154 pushed value = 0x504000000450
TokStackPush:154 Tokstack size = 18, capacity = 50
line: 102 pushed value = 0x504000000490
TokStackPush:102 Tokstack size = 19, capacity = 50
line: 154 pushed value = 0x5040000004d0
TokStackPush:154 Tokstack size = 20, capacity = 50
line: 102 pushed value = 0x504000000510
TokStackPush:102 Tokstack size = 21, capacity = 50
line: 154 pushed value = 0x504000000550
TokStackPush:154 Tokstack size = 22, capacity = 50
line: 154 pushed value = 0x504000000590
TokStackPush:154 Tokstack size = 23, capacity = 50
line: 154 pushed value = 0x5040000005d0
TokStackPush:154 Tokstack size = 24, capacity = 50
line: 154 pushed value = 0x504000000610
TokStackPush:154 Tokstack size = 25, capacity = 50
line: 93 pushed value = 0x504000000650
TokStackPush:93 Tokstack size = 26, capacity = 50
line: 154 pushed value = 0x504000000690
TokStackPush:154 Tokstack size = 27, capacity = 50
line: 102 pushed value = 0x5040000006d0
TokStackPush:102 Tokstack size = 28, capacity = 50
line: 154 pushed value = 0x504000000710
TokStackPush:154 Tokstack size = 29, capacity = 50
line: 102 pushed value = 0x504000000750
TokStackPush:102 Tokstack size = 30, capacity = 50
line: 154 pushed value = 0x504000000790
TokStackPush:154 Tokstack size = 31, capacity = 50
line: 93 pushed value = 0x5040000007d0
TokStackPush:93 Tokstack size = 32, capacity = 50
line: 154 pushed value = 0x504000000810
TokStackPush:154 Tokstack size = 33, capacity = 50
line: 73 pushed value = 0x504000000850
TokStackPush:73 Tokstack size = 34, capacity = 50
line: 154 pushed value = 0x504000000890
TokStackPush:154 Tokstack size = 35, capacity = 50
line: 93 pushed value = 0x5040000008d0
TokStackPush:93 Tokstack size = 36, capacity = 50
line: 154 pushed value = 0x504000000910
TokStackPush:154 Tokstack size = 37, capacity = 50
line: 102 pushed value = 0x504000000950
TokStackPush:102 Tokstack size = 38, capacity = 50
line: 154 pushed value = 0x504000000990
TokStackPush:154 Tokstack size = 39, capacity = 50
line: 154 pushed value = 0x5040000009d0
TokStackPush:154 Tokstack size = 40, capacity = 50
line: 93 pushed value = 0x504000000a10
TokStackPush:93 Tokstack size = 41, capacity = 50
line: 154 pushed value = 0x504000000a50
TokStackPush:154 Tokstack size = 42, capacity = 50
line: 154 pushed value = 0x504000000a90
TokStackPush:154 Tokstack size = 43, capacity = 50
line: 93 pushed value = 0x504000000ad0
TokStackPush:93 Tokstack size = 44, capacity = 50
line: 154 pushed value = 0x504000000b10
TokStackPush:154 Tokstack size = 45, capacity = 50
line: 154 pushed value = 0x504000000b50
TokStackPush:154 Tokstack size = 46, capacity = 50
line: 154 pushed value = 0x504000000b90
TokStackPush:154 Tokstack size = 47, capacity = 50
line: 154 pushed value = 0x504000000bd0
TokStackPush:154 Tokstack size = 48, capacity = 50
line: 93 pushed value = 0x504000000c10
TokStackPush:93 Tokstack size = 49, capacity = 50
succesful reallocation
line: 154 pushed value = 0x504000000c50
TokStackPush:154 Tokstack size = 50, capacity = 100
line: 154 pushed value = 0x504000000c90
TokStackPush:154 Tokstack size = 51, capacity = 100
line: 154 pushed value = 0x504000000cd0
TokStackPush:154 Tokstack size = 52, capacity = 100
line: 154 pushed value = 0x504000000d10
TokStackPush:154 Tokstack size = 53, capacity = 100
line: 154 pushed value = 0x504000000d50
TokStackPush:154 Tokstack size = 54, capacity = 100
line: 154 pushed value = 0x504000000d90
TokStackPush:154 Tokstack size = 55, capacity = 100
line: 93 pushed value = 0x504000000dd0
TokStackPush:93 Tokstack size = 56, capacity = 100
line: 154 pushed value = 0x504000000e10
TokStackPush:154 Tokstack size = 57, capacity = 100
line: 73 pushed value = 0x504000000e50
TokStackPush:73 Tokstack size = 58, capacity = 100
line: 154 pushed value = 0x504000000e90
TokStackPush:154 Tokstack size = 59, capacity = 100
line: 93 pushed value = 0x504000000ed0
TokStackPush:93 Tokstack size = 60, capacity = 100
line: 154 pushed value = 0x504000000f10
TokStackPush:154 Tokstack size = 61, capacity = 100
line: 154 pushed value = 0x504000000f50
TokStackPush:154 Tokstack size = 62, capacity = 100
line: 154 pushed value = 0x504000000f90
TokStackPush:154 Tokstack size = 63, capacity = 100
line: 154 pushed value = 0x504000000fd0
TokStackPush:154 Tokstack size = 64, capacity = 100
line: 93 pushed value = 0x504000001010
TokStackPush:93 Tokstack size = 65, capacity = 100
line: 154 pushed value = 0x504000001050
TokStackPush:154 Tokstack size = 66, capacity = 100
line: 154 pushed value = 0x504000001090
TokStackPush:154 Tokstack size = 67, capacity = 100
line: 154 pushed value = 0x5040000010d0
TokStackPush:154 Tokstack size = 68, capacity = 100

info about Tokstack before death:
TokStackDestroy:186 Tokstack size = 68, capacity = 100
