TokStackInit:22 Tokstack size = 0, capacity = 50
Initialisation succses
line: 157 pushed value = 0x7baa0abe0010
TokStackPush:157 Tokstack size = 1, capacity = 50
line: 74 pushed value = 0x7baa0abe0050
TokStackPush:74 Tokstack size = 2, capacity = 50
line: 157 pushed value = 0x7baa0abe0090
TokStackPush:157 Tokstack size = 3, capacity = 50
line: 157 pushed value = 0x7baa0abe00d0
TokStackPush:157 Tokstack size = 4, capacity = 50
line: 157 pushed value = 0x7baa0abe0110
TokStackPush:157 Tokstack size = 5, capacity = 50
line: 157 pushed value = 0x7baa0abe0150
TokStackPush:157 Tokstack size = 6, capacity = 50
line: 103 pushed value = 0x7baa0abe0190
TokStackPush:103 Tokstack size = 7, capacity = 50
line: 157 pushed value = 0x7baa0abe01d0
TokStackPush:157 Tokstack size = 8, capacity = 50
line: 157 pushed value = 0x7baa0abe0210
TokStackPush:157 Tokstack size = 9, capacity = 50
line: 157 pushed value = 0x7baa0abe0250
TokStackPush:157 Tokstack size = 10, capacity = 50
line: 157 pushed value = 0x7baa0abe0290
TokStackPush:157 Tokstack size = 11, capacity = 50

info about Tokstack before death:
TokStackDestroy:189 Tokstack size = 11, capacity = 50
