VarStackInit:15 Varstack size = 0, capacity = 50
Initialisation succses
line: 219 pushed value = res
VarStackPush:219 Varstack size = 1, capacity = 50
line: 219 pushed value = a
VarStackPush:219 Varstack size = 2, capacity = 50
line: 219 pushed value = b
VarStackPush:219 Varstack size = 3, capacity = 50
line: 219 pushed value = c
VarStackPush:219 Varstack size = 4, capacity = 50
line: 219 pushed value = d
VarStackPush:219 Varstack size = 5, capacity = 50
line: 219 pushed value = f
VarStackPush:219 Varstack size = 6, capacity = 50
line: 219 pushed value = n
VarStackPush:219 Varstack size = 7, capacity = 50
line: 219 pushed value = a
VarStackPush:219 Varstack size = 8, capacity = 50
line: 219 pushed value = f
VarStackPush:219 Varstack size = 9, capacity = 50
line: 219 pushed value = x
VarStackPush:219 Varstack size = 10, capacity = 50
line: 219 pushed value = res
VarStackPush:219 Varstack size = 11, capacity = 50

info about Varstack before death:
VarStackDestroy:412 Varstack size = 11, capacity = 50
