TokStackInit:21 Tokstack size = 0, capacity = 50
Initialisation succses
line: 156 pushed value = 0x506000000020
TokStackPush:156 Tokstack size = 1, capacity = 50
line: 156 pushed value = 0x506000000080
TokStackPush:156 Tokstack size = 2, capacity = 50
line: 94 pushed value = 0x5060000000e0
TokStackPush:94 Tokstack size = 3, capacity = 50
line: 156 pushed value = 0x506000000140
TokStackPush:156 Tokstack size = 4, capacity = 50
line: 104 pushed value = 0x5060000001a0
TokStackPush:104 Tokstack size = 5, capacity = 50
line: 156 pushed value = 0x506000000200
TokStackPush:156 Tokstack size = 6, capacity = 50
line: 156 pushed value = 0x506000000260
TokStackPush:156 Tokstack size = 7, capacity = 50
line: 94 pushed value = 0x5060000002c0
TokStackPush:94 Tokstack size = 8, capacity = 50
line: 156 pushed value = 0x506000000320
TokStackPush:156 Tokstack size = 9, capacity = 50
line: 104 pushed value = 0x506000000380
TokStackPush:104 Tokstack size = 10, capacity = 50
line: 156 pushed value = 0x5060000003e0
TokStackPush:156 Tokstack size = 11, capacity = 50
line: 94 pushed value = 0x506000000440
TokStackPush:94 Tokstack size = 12, capacity = 50
line: 156 pushed value = 0x5060000004a0
TokStackPush:156 Tokstack size = 13, capacity = 50
line: 104 pushed value = 0x506000000500
TokStackPush:104 Tokstack size = 14, capacity = 50
line: 156 pushed value = 0x506000000560
TokStackPush:156 Tokstack size = 15, capacity = 50
line: 156 pushed value = 0x5060000005c0
TokStackPush:156 Tokstack size = 16, capacity = 50
line: 156 pushed value = 0x506000000620
TokStackPush:156 Tokstack size = 17, capacity = 50
line: 94 pushed value = 0x506000000680
TokStackPush:94 Tokstack size = 18, capacity = 50
line: 156 pushed value = 0x5060000006e0
TokStackPush:156 Tokstack size = 19, capacity = 50
line: 104 pushed value = 0x506000000740
TokStackPush:104 Tokstack size = 20, capacity = 50
line: 156 pushed value = 0x5060000007a0
TokStackPush:156 Tokstack size = 21, capacity = 50
line: 156 pushed value = 0x506000000800
TokStackPush:156 Tokstack size = 22, capacity = 50

info about Tokstack before death:
TokStackDestroy:214 Tokstack size = 22, capacity = 50
